2026-09-22 15:36:07.754: [INFO] CurrentProfilePath: C:\Users\Tejasree\OneDrive\Desktop\evensem\full stack\section-51\OnlineExaminationSystem\.metadata\.plugins\org.eclipse.swt\EBWebView\Default
2026-09-22 15:36:07.754: [INFO] Profiles total count: 1
2026-09-22 15:36:07.754: [INFO] Profile: name=Profile 1 path=C:\Users\Tejasree\OneDrive\Desktop\evensem\full stack\section-51\OnlineExaminationSystem\.metadata\.plugins\org.eclipse.swt\EBWebView\Default lastActive=null
2026-09-22 15:36:07.754: [INFO] LastUsedProfileDir: C:\Users\Tejasree\OneDrive\Desktop\evensem\full stack\section-51\OnlineExaminationSystem\.metadata\.plugins\org.eclipse.swt\EBWebView\Default
2026-09-22 15:36:07.754: [INFO] OnDoneLoading sync enabled: 0
2026-09-22 15:36:07.754: [INFO] BookmarkModelLoaded, ids_reassigned: 0
2026-09-22 15:36:07.754: [INFO] BookmarksLoadDropped droppedNodes=0
2026-09-22 15:36:07.754: [INFO] BookmarksSnapshot Startup total=0 bar=0 other=0 mobile=0 showBar=0 showBarNTP=1
2026-09-22 18:19:45.877: [INFO] BookmarksSnapshot Shutdown total=0 bar=0 other=0 mobile=0 showBar=0 showBarNTP=1
2026-09-22 19:16:00.593: [INFO] CurrentProfilePath: C:\Users\Tejasree\OneDrive\Desktop\evensem\full stack\section-51\OnlineExaminationSystem\.metadata\.plugins\org.eclipse.swt\EBWebView\Default
2026-09-22 19:16:00.593: [INFO] Profiles total count: 1
2026-09-22 19:16:00.594: [INFO] Profile: name=Profile 1 path=C:\Users\Tejasree\OneDrive\Desktop\evensem\full stack\section-51\OnlineExaminationSystem\.metadata\.plugins\org.eclipse.swt\EBWebView\Default lastActive=2026-09-22T15:36:08.139Z
2026-09-22 19:16:00.594: [INFO] LastUsedProfileDir: C:\Users\Tejasree\OneDrive\Desktop\evensem\full stack\section-51\OnlineExaminationSystem\.metadata\.plugins\org.eclipse.swt\EBWebView\Default
2026-09-22 19:16:00.595: [INFO] MostRecentlyActiveProfile: name=Profile 1 path=C:\Users\Tejasree\OneDrive\Desktop\evensem\full stack\section-51\OnlineExaminationSystem\.metadata\.plugins\org.eclipse.swt\EBWebView\Default lastActive=2026-09-22T15:36:08.139Z
2026-09-22 19:16:00.595: [INFO] OnDoneLoading sync enabled: 0
2026-09-22 19:16:00.595: [INFO] BookmarkModelLoaded, ids_reassigned: 0
2026-09-22 19:16:00.595: [INFO] BookmarksLoadDropped droppedNodes=0
2026-09-22 19:16:00.595: [INFO] BookmarksSnapshot Startup total=0 bar=0 other=0 mobile=0 showBar=0 showBarNTP=1
2026-09-22 22:35:56.424: [INFO] BookmarksSnapshot Shutdown total=0 bar=0 other=0 mobile=0 showBar=0 showBarNTP=1
2026-09-23 04:15:04.588: [INFO] CurrentProfilePath: C:\Users\Tejasree\OneDrive\Desktop\evensem\full stack\section-51\OnlineExaminationSystem\.metadata\.plugins\org.eclipse.swt\EBWebView\Default
2026-09-23 04:15:04.588: [INFO] Profiles total count: 1
2026-09-23 04:15:04.588: [INFO] Profile: name=Profile 1 path=C:\Users\Tejasree\OneDrive\Desktop\evensem\full stack\section-51\OnlineExaminationSystem\.metadata\.plugins\org.eclipse.swt\EBWebView\Default lastActive=2026-09-22T15:36:08.139Z
2026-09-23 04:15:04.588: [INFO] LastUsedProfileDir: C:\Users\Tejasree\OneDrive\Desktop\evensem\full stack\section-51\OnlineExaminationSystem\.metadata\.plugins\org.eclipse.swt\EBWebView\Default
2026-09-23 04:15:04.588: [INFO] MostRecentlyActiveProfile: name=Profile 1 path=C:\Users\Tejasree\OneDrive\Desktop\evensem\full stack\section-51\OnlineExaminationSystem\.metadata\.plugins\org.eclipse.swt\EBWebView\Default lastActive=2026-09-22T15:36:08.139Z
2026-09-23 04:15:04.588: [INFO] OnDoneLoading sync enabled: 0
2026-09-23 04:15:04.588: [INFO] BookmarkModelLoaded, ids_reassigned: 0
2026-09-23 04:15:04.588: [INFO] BookmarksLoadDropped droppedNodes=0
2026-09-23 04:15:04.588: [INFO] BookmarksSnapshot Startup total=0 bar=0 other=0 mobile=0 showBar=0 showBarNTP=1
2026-09-23 05:27:24.355: [INFO] BookmarksSnapshot Shutdown total=0 bar=0 other=0 mobile=0 showBar=0 showBarNTP=1
